// Jest Snapshot v1, https://goo.gl/fbAQLP

exports[`rendering renders correctly 1`] = `
<div
  className="q20_node__boolean"
>
  <label
    className="q20_nodeBoolean__testBoolean--label"
    htmlFor="test.test_boolean"
  >
    test boolean
    <span
      className="q20_nodeBoolean__testBoolean--description"
      htmlFor="test.test_boolean"
    >
      this is a test boolean
    </span>
  </label>
  <div
    className="q20_testBoolean__errorHandler"
  >
    <input
      checked={false}
      className="q20_nodeBoolean__testBoolean--input"
      id="test.test_boolean"
      onChange={[Function]}
      placeholder={undefined}
      type="checkbox"
    />
  </div>
</div>
`;
