// Jest Snapshot v1, https://goo.gl/fbAQLP

exports[`rendering renders string types correctly 1`] = `
<div
  className="q20_node__string"
>
  <div
    className="q20_node__testString--labelAndDescription"
  >
    <label
      className="q20_node__testString--label"
      htmlFor="test_form.test_string"
    >
      test string
      <span
        className="q20_node__testString--description"
        htmlFor="test_form.test_string"
      >
        A simple String
      </span>
    </label>
  </div>
  <div
    className="q20_testString__errorHandler"
  >
    <input
      className="q20_nodeString__testString--input"
      id="test_form.test_string"
      onChange={[Function]}
      placeholder={undefined}
      type="text"
      value=""
    />
  </div>
</div>
`;
