// Jest Snapshot v1, https://goo.gl/fbAQLP

exports[`rendering renders string types correctly 1`] = `
<div
  className="q20_node__string"
>
  <span
    className="q20_nodeString__testString--description"
    htmlFor="undefined.test_string"
  >
    A simple String
  </span>
  <input
    className="q20_nodeString__testString--input"
    id="undefined.test_string"
    onChange={[Function]}
    placeholder={undefined}
    type="text"
    value={undefined}
  />
</div>
`;
