// Jest Snapshot v1, https://goo.gl/fbAQLP

exports[`renders correctly 1`] = `
<form>
  <h2>
    test form title
  </h2>
  <h3>
    this is a test form
  </h3>
  <div>
    <span>
      this is a test form
    </span>
    <div>
      <div
        className="q20_node__string"
      >
        <div
          className="q20_testString__errorHandler"
        >
          <input
            className="q20_nodeString__testString--input"
            id="testFormTitle.testName.testString"
            onChange={[Function]}
            placeholder={undefined}
            type="text"
            value=""
          />
        </div>
      </div>
    </div>
  </div>
</form>
`;
