// Jest Snapshot v1, https://goo.gl/fbAQLP

exports[`renders correctly 1`] = `
<form>
  <h2>
    test form title
  </h2>
  <h3>
    this is a test form
  </h3>
  <div>
    <div
      className="q20_node__string"
    >
      <input
        className="q20_nodeString__testString--input"
        id="test form title.test name.testString"
        type="text"
      />
    </div>
  </div>
</form>
`;
