// Jest Snapshot v1, https://goo.gl/fbAQLP

exports[`rendering renders string types correctly 1`] = `
<div
  className="q20_node__string"
>
  <span
    className="q20_nodeString__test_string--description"
    htmlFor="test_form.test_string"
  >
    A simple String
  </span>
  <input
    className="q20_nodeString__test_string--input"
    id="test_form.test_string"
    type="text"
  />
</div>
`;
