// Jest Snapshot v1, https://goo.gl/fbAQLP

exports[`renders correctly 1`] = `
<div
  className="q20_node__string"
>
  <span
    className="q20_nodeString__testString--description"
    htmlFor={undefined}
  >
    A simple String
  </span>
  <input
    className="q20_nodeString__testString--input"
    id={undefined}
    type="text"
  />
</div>
`;
